// Jest Snapshot v1, https://goo.gl/fbAQLP

exports[`HelmInstall creates snapshot 1`] = `
<DocumentFragment>
  <ul
    class="nav nav-tabs tabs"
  >
    <li
      class="nav-item"
    >
      <button
        class="btn btn-link nav-item btn active btn-primary active"
      >
        Helm v3
      </button>
    </li>
    <li
      class="nav-item"
    >
      <button
        class="btn btn-link nav-item btn"
      >
        Helm v2
      </button>
    </li>
  </ul>
  <div
    class="tab-content mt-3"
  >
    <div
      class="tab-pane fade show active"
    >
      <div
        class="d-flex align-items-center justify-content-between mt-2 mb-2"
      >
        <small
          class="text-muted mt-2 mb-1"
        >
          Add repository
        </small>
        <div>
          <div
            class="position-relative undefined"
          >
            <button
              class="btn btn-sm btn-primary rounded-circle btn"
              data-testid="ctcBtn"
              type="button"
            >
              <div
                class="d-flex flex-row align-items-center"
              >
                <svg
                  fill="none"
                  height="1em"
                  stroke="currentColor"
                  stroke-linecap="round"
                  stroke-linejoin="round"
                  stroke-width="2"
                  viewBox="0 0 24 24"
                  width="1em"
                  xmlns="http://www.w3.org/2000/svg"
                >
                  <rect
                    height="13"
                    rx="2"
                    ry="2"
                    width="13"
                    x="9"
                    y="9"
                  />
                  <path
                    d="M5 15H4a2 2 0 0 1-2-2V4a2 2 0 0 1 2-2h9a2 2 0 0 1 2 2v1"
                  />
                </svg>
              </div>
            </button>
          </div>
        </div>
      </div>
      <pre
        style="display: block; overflow-x: auto; padding: 0.5em; color: rgb(0, 0, 0); background: rgb(248, 248, 255);"
      >
        <code
          class="language-bash"
        >
          <span>
            helm repo add repo http://repo.test
          </span>
        </code>
      </pre>
      <div
        class="d-flex align-items-center justify-content-between mt-2 mb-2"
      >
        <small
          class="text-muted mt-2 mb-1"
        >
          Install chart
        </small>
        <div>
          <div
            class="position-relative undefined"
          >
            <button
              class="btn btn-sm btn-primary rounded-circle btn"
              data-testid="ctcBtn"
              type="button"
            >
              <div
                class="d-flex flex-row align-items-center"
              >
                <svg
                  fill="none"
                  height="1em"
                  stroke="currentColor"
                  stroke-linecap="round"
                  stroke-linejoin="round"
                  stroke-width="2"
                  viewBox="0 0 24 24"
                  width="1em"
                  xmlns="http://www.w3.org/2000/svg"
                >
                  <rect
                    height="13"
                    rx="2"
                    ry="2"
                    width="13"
                    x="9"
                    y="9"
                  />
                  <path
                    d="M5 15H4a2 2 0 0 1-2-2V4a2 2 0 0 1 2-2h9a2 2 0 0 1 2 2v1"
                  />
                </svg>
              </div>
            </button>
          </div>
        </div>
      </div>
      <pre
        style="display: block; overflow-x: auto; padding: 0.5em; color: rgb(0, 0, 0); background: rgb(248, 248, 255); margin-bottom: 10px;"
      >
        <code
          class="language-bash"
        >
          <span>
            helm install my-packageName repo/packageName --version 1.0.0
          </span>
        </code>
      </pre>
      <div
        class="font-italic text-muted legend"
      >
        <span
          class="font-weight-bold"
        >
          my-packageName
        </span>
         corresponds to the release name, feel free to change it to suit your needs. You can also add additional flags to the 
        <span
          class="font-weight-bold"
        >
          helm install
        </span>
         command if you need to.
      </div>
      <div
        class="mt-2"
      >
        <a
          class="link btn btn-link pl-0"
          href="https://helm.sh/docs/intro/quickstart/"
          rel="noopener noreferrer"
          role="button"
          target="_blank"
        >
          Need Helm?
        </a>
      </div>
    </div>
  </div>
</DocumentFragment>
`;
