// Jest Snapshot v1, https://goo.gl/fbAQLP

exports[`MoreActionsButton creates snapshot 1`] = `
<DocumentFragment>
  <div
    class="d-none d-lg-block position-relative ms-2"
  >
    <button
      aria-expanded="false"
      aria-label="Open menu"
      class="btn btn-outline-primary p-0 position-relative lh-1 fs-5 iconWrapper"
      type="button"
    >
      <svg
        aria-hidden="true"
        fill="currentColor"
        height="1em"
        stroke="currentColor"
        stroke-width="0"
        viewBox="0 0 20 20"
        width="1em"
        xmlns="http://www.w3.org/2000/svg"
      >
        <path
          d="M10 6a2 2 0 110-4 2 2 0 010 4zM10 12a2 2 0 110-4 2 2 0 010 4zM10 18a2 2 0 110-4 2 2 0 010 4z"
        />
      </svg>
    </button>
    <div
      class="dropdown-menu dropdown-menu-end p-0 dropdown"
      role="menu"
    >
      <div
        class="dropdown-arrow arrow"
      />
      <button
        aria-label="Open embed widget modal"
        class="dropdown-item btn btn-sm rounded-0 text-dark"
      >
        <div
          class="d-flex flex-row align-items-center"
        >
          <svg
            class="me-2 position-relative icon"
            fill="currentColor"
            height="1em"
            stroke="currentColor"
            stroke-width="0"
            viewBox="0 0 24 24"
            width="1em"
            xmlns="http://www.w3.org/2000/svg"
          >
            <path
              d="M8.293 6.293 2.586 12l5.707 5.707 1.414-1.414L5.414 12l4.293-4.293zm7.414 11.414L21.414 12l-5.707-5.707-1.414 1.414L18.586 12l-4.293 4.293z"
            />
          </svg>
          <div>
            Embed widget
          </div>
        </div>
      </button>
    </div>
  </div>
</DocumentFragment>
`;
