// Jest Snapshot v1, https://goo.gl/fbAQLP

exports[`OLMInstall creates snapshot 1`] = `
<DocumentFragment>
  <div>
    <ul
      class="nav nav-tabs tabs"
    >
      <li
        class="nav-item"
      >
        <button
          class="btn btn-link nav-item btn active btn-primary active"
        >
          <span
            class="d-none d-sm-block"
          >
            Operator Lifecycle Manager
          </span>
          <span
            class="d-block d-sm-none"
          >
            OLM CLI
          </span>
        </button>
      </li>
    </ul>
  </div>
  <div
    class="tab-content mt-3"
  >
    <div
      class="tab-pane fade show active"
    >
      <div
        class="d-flex align-items-center justify-content-between mt-2 mb-2"
      >
        <small
          class="text-muted mt-2 mb-1"
        >
          Install Operator Lifecycle Manager (OLM), a tool to help manage the Operators running on your cluster.
        </small>
        <div>
          <div
            class="position-relative undefined"
          >
            <button
              class="btn btn-sm btn-primary rounded-circle btn"
              data-testid="ctcBtn"
              type="button"
            >
              <div
                class="d-flex flex-row align-items-center"
              >
                <svg
                  fill="none"
                  height="1em"
                  stroke="currentColor"
                  stroke-linecap="round"
                  stroke-linejoin="round"
                  stroke-width="2"
                  viewBox="0 0 24 24"
                  width="1em"
                  xmlns="http://www.w3.org/2000/svg"
                >
                  <rect
                    height="13"
                    rx="2"
                    ry="2"
                    width="13"
                    x="9"
                    y="9"
                  />
                  <path
                    d="M5 15H4a2 2 0 0 1-2-2V4a2 2 0 0 1 2-2h9a2 2 0 0 1 2 2v1"
                  />
                </svg>
              </div>
            </button>
          </div>
        </div>
      </div>
      <pre
        style="display: block; overflow-x: auto; padding: 0.5em; color: rgb(0, 0, 0); background: rgb(248, 248, 255);"
      >
        <code>
          <span>
            curl -sL https://github.com/operator-framework/operator-lifecycle-manager/releases/download/0.15.1/install.sh | bash -s 0.15.1
          </span>
        </code>
      </pre>
      <div
        class="d-flex align-items-center justify-content-between mt-2 mb-2"
      >
        <small
          class="text-muted mt-2 mb-1"
        >
          Install the operator by running the following command:
        </small>
        <div>
          <div
            class="position-relative undefined"
          >
            <button
              class="btn btn-sm btn-primary rounded-circle btn"
              data-testid="ctcBtn"
              type="button"
            >
              <div
                class="d-flex flex-row align-items-center"
              >
                <svg
                  fill="none"
                  height="1em"
                  stroke="currentColor"
                  stroke-linecap="round"
                  stroke-linejoin="round"
                  stroke-width="2"
                  viewBox="0 0 24 24"
                  width="1em"
                  xmlns="http://www.w3.org/2000/svg"
                >
                  <rect
                    height="13"
                    rx="2"
                    ry="2"
                    width="13"
                    x="9"
                    y="9"
                  />
                  <path
                    d="M5 15H4a2 2 0 0 1-2-2V4a2 2 0 0 1 2-2h9a2 2 0 0 1 2 2v1"
                  />
                </svg>
              </div>
            </button>
          </div>
        </div>
      </div>
      <pre
        style="display: block; overflow-x: auto; padding: 0.5em; color: rgb(0, 0, 0); background: rgb(248, 248, 255);"
      >
        <code>
          <span>
            kubectl create -f https://operatorhub.io/install/stable/packageName.yaml
          </span>
        </code>
      </pre>
      <small>
        This Operator will be installed in the "
        <span
          class="font-weight-bold"
        >
          my-packageName
        </span>
        " namespace and will be usable from all namespaces in the cluster.
      </small>
      <div
        class="d-flex align-items-center justify-content-between mt-2 mb-2"
      >
        <small
          class="text-muted mt-2 mb-1"
        >
          After install, watch your operator come up using next command:
        </small>
        <div>
          <div
            class="position-relative undefined"
          >
            <button
              class="btn btn-sm btn-primary rounded-circle btn"
              data-testid="ctcBtn"
              type="button"
            >
              <div
                class="d-flex flex-row align-items-center"
              >
                <svg
                  fill="none"
                  height="1em"
                  stroke="currentColor"
                  stroke-linecap="round"
                  stroke-linejoin="round"
                  stroke-width="2"
                  viewBox="0 0 24 24"
                  width="1em"
                  xmlns="http://www.w3.org/2000/svg"
                >
                  <rect
                    height="13"
                    rx="2"
                    ry="2"
                    width="13"
                    x="9"
                    y="9"
                  />
                  <path
                    d="M5 15H4a2 2 0 0 1-2-2V4a2 2 0 0 1 2-2h9a2 2 0 0 1 2 2v1"
                  />
                </svg>
              </div>
            </button>
          </div>
        </div>
      </div>
      <pre
        style="display: block; overflow-x: auto; padding: 0.5em; color: rgb(0, 0, 0); background: rgb(248, 248, 255);"
      >
        <code>
          <span>
            kubectl get csv -n my-packageName
          </span>
        </code>
      </pre>
      <small>
        To use it, checkout the custom resource definitions (CRDs) introduced by this operator to start using it.
      </small>
    </div>
  </div>
</DocumentFragment>
`;
