// Jest Snapshot v1, https://goo.gl/fbAQLP

exports[`SignKeyInfo creates snapshot 1`] = `
<DocumentFragment>
  <div
    class="position-relative undefined"
  >
    <div
      data-testid="elementWithTooltip"
    >
      <button
        aria-disabled="false"
        aria-label="Open sign key modal"
        class="btn btn-outline-secondary btn-sm ms-2 px-2 py-0 btn"
      >
        <small
          class="d-flex flex-row align-items-center text-uppercase"
        >
          <svg
            fill="currentColor"
            height="1em"
            stroke="currentColor"
            stroke-width="0"
            viewBox="0 0 512 512"
            width="1em"
            xmlns="http://www.w3.org/2000/svg"
          >
            <path
              d="M512 176.001C512 273.203 433.202 352 336 352c-11.22 0-22.19-1.062-32.827-3.069l-24.012 27.014A23.999 23.999 0 0 1 261.223 384H224v40c0 13.255-10.745 24-24 24h-40v40c0 13.255-10.745 24-24 24H24c-13.255 0-24-10.745-24-24v-78.059c0-6.365 2.529-12.47 7.029-16.971l161.802-161.802C163.108 213.814 160 195.271 160 176 160 78.798 238.797.001 335.999 0 433.488-.001 512 78.511 512 176.001zM336 128c0 26.51 21.49 48 48 48s48-21.49 48-48-21.49-48-48-48-48 21.49-48 48z"
            />
          </svg>
          <span
            class="ms-2 fw-bold"
          >
            View key info
          </span>
        </small>
      </button>
    </div>
  </div>
  <div>
    <div
      aria-modal="false"
      class="modal modal"
      role="dialog"
    >
      <div
        class="modal-dialog modal-lg modal-dialog-centered modal-dialog-scrollable modalDialog"
      >
        <div
          class="modal-content border border-3 mx-auto content"
        >
          <div
            class="modal-header d-flex flex-row align-items-center header undefined"
          >
            <div
              class="h3 m-2 flex-grow-1 title"
            >
              Sign key information
            </div>
            <button
              aria-label="Close"
              class="btn-close"
              type="button"
            />
          </div>
          <div
            class="modal-body p-4 h-100 d-flex flex-column"
          >
            <div>
              <div
                class="overflow-hidden alertWrapper"
                data-testid="alertWrapper"
              />
            </div>
          </div>
          <div
            class="modal-footer p-3 undefined"
          >
            <button
              aria-label="Close modal"
              class="btn btn-sm btn-outline-secondary text-uppercase"
              type="button"
            >
              <div
                class="d-flex flex-row align-items-center"
              >
                <svg
                  class="me-2"
                  fill="currentColor"
                  height="1em"
                  stroke="currentColor"
                  stroke-width="0"
                  viewBox="0 0 24 24"
                  width="1em"
                  xmlns="http://www.w3.org/2000/svg"
                >
                  <path
                    d="M0 0h24v24H0z"
                    fill="none"
                  />
                  <path
                    d="M19 6.41L17.59 5 12 10.59 6.41 5 5 6.41 10.59 12 5 17.59 6.41 19 12 13.41 17.59 19 19 17.59 13.41 12z"
                  />
                </svg>
                <div>
                  Close
                </div>
              </div>
            </button>
          </div>
        </div>
      </div>
    </div>
  </div>
</DocumentFragment>
`;
