// Jest Snapshot v1, https://goo.gl/fbAQLP

exports[`DeleteAccount creates snapshot 1`] = `
<DocumentFragment>
  <div
    class="mt-4 mt-md-5"
  >
    <p
      class="mb-4"
    >
      Deleting your account will also delete all the content that belongs to it (repositories, subscriptions, webhooks, etc), as well as all organizations where you are the only member.
    </p>
    <button
      aria-label="Open deletion account modal"
      class="btn btn-sm btn-danger"
    >
      <div
        class="d-flex flex-row align-items-center text-uppercase"
      >
        <svg
          class="me-2"
          fill="currentColor"
          height="1em"
          stroke="currentColor"
          stroke-width="0"
          viewBox="0 0 448 512"
          width="1em"
          xmlns="http://www.w3.org/2000/svg"
        >
          <path
            d="M32 464a48 48 0 0 0 48 48h288a48 48 0 0 0 48-48V128H32zm272-256a16 16 0 0 1 32 0v224a16 16 0 0 1-32 0zm-96 0a16 16 0 0 1 32 0v224a16 16 0 0 1-32 0zm-96 0a16 16 0 0 1 32 0v224a16 16 0 0 1-32 0zM432 32H312l-9.4-18.7A24 24 0 0 0 281.1 0H166.8a23.72 23.72 0 0 0-21.4 13.3L136 32H16A16 16 0 0 0 0 48v32a16 16 0 0 0 16 16h416a16 16 0 0 0 16-16V48a16 16 0 0 0-16-16z"
          />
        </svg>
        <div>
          Delete account
        </div>
      </div>
    </button>
  </div>
  <div
    class="d-inline-block"
  >
    <div
      aria-modal="false"
      class="modal modal"
      role="dialog"
    >
      <div
        class="modal-dialog modal-lg modal-dialog-centered modal-dialog-scrollable"
      >
        <div
          class="modal-content border border-3 mx-auto content modal"
        >
          <div
            class="modal-header d-flex flex-row align-items-center header undefined"
          >
            <div
              class="h3 m-2 flex-grow-1 title"
            >
              Delete account
            </div>
            <button
              aria-label="Close"
              class="btn-close"
              type="button"
            />
          </div>
          <div
            class="modal-body p-4 h-100 d-flex flex-column"
          >
            <div>
              <div
                class="overflow-hidden alertWrapper"
                data-testid="alertWrapper"
              />
            </div>
          </div>
          <div
            class="modal-footer p-3 undefined"
          >
            <button
              aria-label="Close"
              class="btn btn-sm btn-outline-secondary text-uppercase"
            >
              <div
                class="d-flex flex-row align-items-center"
              >
                <svg
                  class="me-2"
                  fill="currentColor"
                  height="1em"
                  stroke="currentColor"
                  stroke-width="0"
                  viewBox="0 0 512 512"
                  width="1em"
                  xmlns="http://www.w3.org/2000/svg"
                >
                  <path
                    d="M256 48C140.559 48 48 140.559 48 256c0 115.436 92.559 208 208 208 115.435 0 208-92.564 208-208 0-115.441-92.564-208-208-208zm104.002 282.881l-29.12 29.117L256 285.117l-74.881 74.881-29.121-29.117L226.881 256l-74.883-74.881 29.121-29.116L256 226.881l74.881-74.878 29.12 29.116L285.119 256l74.883 74.881z"
                  />
                </svg>
                <span>
                  Cancel
                </span>
              </div>
            </button>
            <button
              aria-label="Delete account"
              class="btn btn-sm btn-danger ms-3"
              disabled=""
            >
              <div
                class="d-flex flex-row align-items-center text-uppercase"
              >
                <svg
                  class="me-2"
                  fill="currentColor"
                  height="1em"
                  stroke="currentColor"
                  stroke-width="0"
                  viewBox="0 0 448 512"
                  width="1em"
                  xmlns="http://www.w3.org/2000/svg"
                >
                  <path
                    d="M32 464a48 48 0 0 0 48 48h288a48 48 0 0 0 48-48V128H32zm272-256a16 16 0 0 1 32 0v224a16 16 0 0 1-32 0zm-96 0a16 16 0 0 1 32 0v224a16 16 0 0 1-32 0zm-96 0a16 16 0 0 1 32 0v224a16 16 0 0 1-32 0zM432 32H312l-9.4-18.7A24 24 0 0 0 281.1 0H166.8a23.72 23.72 0 0 0-21.4 13.3L136 32H16A16 16 0 0 0 0 48v32a16 16 0 0 0 16 16h416a16 16 0 0 0 16-16V48a16 16 0 0 0-16-16z"
                  />
                </svg>
                <span>
                  Delete account
                </span>
              </div>
            </button>
          </div>
        </div>
      </div>
    </div>
  </div>
</DocumentFragment>
`;
