// Jest Snapshot v1, https://goo.gl/fbAQLP

exports[`Update password - user settings creates snapshot 1`] = `
<DocumentFragment>
  <form
    autocomplete="on"
    class="w-100 needs-validation"
    data-testid="updatePasswordForm"
    novalidate=""
  >
    <div
      class="form-group mb-4 position-relative undefined"
    >
      <label
        class="font-weight-bold label"
        for="oldPassword"
      >
        <span
          class="font-weight-bold"
        >
          Old password
        </span>
      </label>
      <input
        autocomplete="password"
        class="form-control"
        data-testid="oldPasswordInput"
        name="oldPassword"
        required=""
        spellcheck="false"
        type="password"
        value=""
      />
      <div
        class="invalid-feedback mt-0 inputFeedback"
      >
        This field is required
      </div>
    </div>
    <div
      class="form-group mb-4 position-relative undefined"
    >
      <label
        class="font-weight-bold label"
        for="password"
      >
        <span
          class="font-weight-bold"
        >
          New password
        </span>
      </label>
      <input
        autocomplete="new-password"
        class="form-control"
        data-testid="passwordInput"
        minlength="6"
        name="password"
        required=""
        spellcheck="false"
        type="password"
        value=""
      />
      <div
        class="invalid-feedback mt-0 inputFeedback"
      >
        This field is required
      </div>
    </div>
    <div
      class="form-group mb-4 position-relative undefined"
    >
      <label
        class="font-weight-bold label"
        for="confirmPassword"
      >
        <span
          class="font-weight-bold"
        >
          Confirm new password
        </span>
        <small
          class="ml-1 font-italic"
        >
          (Required)
        </small>
      </label>
      <input
        autocomplete="new-password"
        class="form-control"
        data-testid="confirmPasswordInput"
        name="confirmPassword"
        pattern=""
        required=""
        spellcheck="false"
        type="password"
        value=""
      />
      <div
        class="invalid-feedback mt-0 inputFeedback"
      >
        This field is required
      </div>
    </div>
    <div
      class="mt-4 mb-2"
    >
      <button
        class="btn btn-sm btn-secondary"
        data-testid="updatePasswordBtn"
        type="button"
      >
        <div
          class="d-flex flex-row align-items-center text-uppercase"
        >
          <svg
            class="mr-2"
            fill="currentColor"
            height="1em"
            stroke="currentColor"
            stroke-width="0"
            viewBox="0 0 512 512"
            width="1em"
            xmlns="http://www.w3.org/2000/svg"
          >
            <path
              d="M497.9 142.1l-46.1 46.1c-4.7 4.7-12.3 4.7-17 0l-111-111c-4.7-4.7-4.7-12.3 0-17l46.1-46.1c18.7-18.7 49.1-18.7 67.9 0l60.1 60.1c18.8 18.7 18.8 49.1 0 67.9zM284.2 99.8L21.6 362.4.4 483.9c-2.9 16.4 11.4 30.6 27.8 27.8l121.5-21.3 262.6-262.6c4.7-4.7 4.7-12.3 0-17l-111-111c-4.8-4.7-12.4-4.7-17.1 0zM124.1 339.9c-5.5-5.5-5.5-14.3 0-19.8l154-154c5.5-5.5 14.3-5.5 19.8 0s5.5 14.3 0 19.8l-154 154c-5.5 5.5-14.3 5.5-19.8 0zM88 424h48v36.3l-64.5 11.3-31.1-31.1L51.7 376H88v48z"
            />
          </svg>
          <div>
            Change
          </div>
        </div>
      </button>
    </div>
  </form>
</DocumentFragment>
`;
