// Jest Snapshot v1, https://goo.gl/fbAQLP

exports[`SVGIcons creates snapshot 1`] = `[Function]`;
