// Jest Snapshot v1, https://goo.gl/fbAQLP

exports[`UserContext creates snapshot 1`] = `
<DocumentFragment>
  <div
    class="position-relative ctxWrapper"
  >
    <div
      class="d-flex flex-column"
    >
      <small
        class="text-uppercase text-muted legendCtx"
      >
        Control panel context
      </small>
      <div
        class="d-flex flex-row align-items-center"
      >
        <button
          class="btn btn-primary badge-pill btn-sm pr-3 position-relative ctxBtn"
          data-testid="ctxBtn"
          type="button"
        >
          <div
            class="d-flex flex-row align-items-center"
          >
            <div
              class="badge badge-light badge-pill mr-2 p-0 badgeIcon"
            >
              <svg
                fill="currentColor"
                height="1em"
                stroke="currentColor"
                stroke-width="0"
                viewBox="0 0 448 512"
                width="1em"
                xmlns="http://www.w3.org/2000/svg"
              >
                <path
                  d="M224 256c70.7 0 128-57.3 128-128S294.7 0 224 0 96 57.3 96 128s57.3 128 128 128zm89.6 32h-16.7c-22.2 10.2-46.9 16-72.9 16s-50.6-5.8-72.9-16h-16.7C60.2 288 0 348.2 0 422.4V464c0 26.5 21.5 48 48 48h352c26.5 0 48-21.5 48-48v-41.6c0-74.2-60.2-134.4-134.4-134.4z"
                />
              </svg>
            </div>
            <div
              class="flex-grow-1 text-left mr-1 text-truncate"
            >
              userAlias
            </div>
          </div>
          <div
            class="position-absolute textLight caret"
          >
            <svg
              fill="currentColor"
              height="1em"
              stroke="currentColor"
              stroke-width="0"
              viewBox="0 0 320 512"
              width="1em"
              xmlns="http://www.w3.org/2000/svg"
            >
              <path
                d="M31.3 192h257.3c17.8 0 26.7 21.5 14.1 34.1L174.1 354.8c-7.8 7.8-20.5 7.8-28.3 0L17.2 226.1C4.6 213.5 13.5 192 31.3 192z"
              />
            </svg>
          </div>
        </button>
      </div>
      <div
        class="position-absolute text-secondary loading"
        role="status"
      >
        <span
          class="spinner-border spinner-border-sm"
        />
      </div>
    </div>
    <div
      class="dropdown-menu dropdown-menu-right dropdown"
      data-testid="ctxDropdown"
    >
      <div
        class="arrow arrow"
      />
      <button
        class="dropdown-item mw-100"
        data-testid="userCtxBtn"
      >
        <div
          class="d-flex flex-row align-items-center text-truncate"
        >
          <svg
            class="mr-2 icon"
            fill="currentColor"
            height="1em"
            stroke="currentColor"
            stroke-width="0"
            viewBox="0 0 448 512"
            width="1em"
            xmlns="http://www.w3.org/2000/svg"
          >
            <path
              d="M224 256c70.7 0 128-57.3 128-128S294.7 0 224 0 96 57.3 96 128s57.3 128 128 128zm89.6 32h-16.7c-22.2 10.2-46.9 16-72.9 16s-50.6-5.8-72.9-16h-16.7C60.2 288 0 348.2 0 422.4V464c0 26.5 21.5 48 48 48h352c26.5 0 48-21.5 48-48v-41.6c0-74.2-60.2-134.4-134.4-134.4z"
            />
          </svg>
          <div
            class="flex-grow-1 text-truncate"
          >
            userAlias
          </div>
          <svg
            class="ml-2 text-success icon"
            fill="currentColor"
            height="1em"
            stroke="currentColor"
            stroke-width="0"
            viewBox="0 0 12 16"
            width="1em"
            xmlns="http://www.w3.org/2000/svg"
          >
            <path
              d="M12 5l-8 8-4-4 1.5-1.5L4 10l6.5-6.5L12 5z"
              fill-rule="evenodd"
            />
          </svg>
        </div>
      </button>
    </div>
  </div>
</DocumentFragment>
`;
