// Jest Snapshot v1, https://goo.gl/fbAQLP

exports[`Counter renders correctly 1`] = `[Function]`;
