// Jest Snapshot v1, https://goo.gl/fbAQLP

exports[`RandomPackages creates snapshot 1`] = `
<DocumentFragment>
  <div
    class="position-relative wrapper"
  >
    <div
      class="container-lg px-sm-4 px-lg-0 my-4 my-md-5"
    >
      <div
        class="d-flex flex-wrap justify-content-center"
      >
        <div
          class="position-absolute p-5 wrapper undefined"
        >
          <div
            class="d-flex flex-row align-items-center justify-content-center w-100 h-100"
          >
            <div
              class="spinner-border text-primary spinner position-relative"
              role="status"
            >
              <span
                class="sr-only"
              >
                Loading...
              </span>
            </div>
          </div>
        </div>
      </div>
    </div>
  </div>
</DocumentFragment>
`;
