// Jest Snapshot v1, https://goo.gl/fbAQLP

exports[`Badge Modal - repositories section creates snapshot 1`] = `
<DocumentFragment>
  <div>
    <div
      class="modal-backdrop activeBackdrop"
      data-testid="modalBackdrop"
    />
    <div
      class="modal modal active d-block"
      role="dialog"
    >
      <div
        class="modal-dialog modal-lg modal-dialog-centered modal-dialog-scrollable"
      >
        <div
          class="modal-content content modal"
        >
          <div
            class="modal-header d-flex flex-row align-items-center header undefined"
          >
            <div
              class="h3 m-2 flex-grow-1 title"
            >
              Get badge
            </div>
            <button
              class="close"
              data-testid="closeModalBtn"
              type="button"
            >
              <span
                aria-hidden="true"
              >
                Ã—
              </span>
            </button>
          </div>
          <div
            class="modal-body p-4 h-100 d-flex flex-column"
          >
            <div
              data-testid="badgeModalContent"
            >
              <div>
                <ul
                  class="nav nav-tabs tabs"
                >
                  <li
                    class="nav-item"
                  >
                    <button
                      class="btn btn-link nav-item btn active btn-primary active"
                      data-testid="tabBtn"
                    >
                      <span
                        class="d-none d-sm-block"
                      >
                        Markdown
                      </span>
                      <span
                        class="d-block d-sm-none"
                      >
                        Markdown
                      </span>
                    </button>
                  </li>
                  <li
                    class="nav-item"
                  >
                    <button
                      class="btn btn-link nav-item btn"
                      data-testid="tabBtn"
                    >
                      <span
                        class="d-none d-sm-block"
                      >
                        AsciiDoc
                      </span>
                      <span
                        class="d-block d-sm-none"
                      >
                        AsciiDoc
                      </span>
                    </button>
                  </li>
                </ul>
              </div>
              <div
                class="tab-content mt-3"
              >
                <div
                  class="tab-pane fade show active"
                >
                  <div
                    class="d-flex flex-row align-items-center justify-content-between mb-2"
                  >
                    <div>
                      <img
                        alt="Artifact HUB badge"
                        src="https://img.shields.io/endpoint?url=http://localhost/badge/repository/repoTest"
                      />
                    </div>
                    <div
                      class="position-relative undefined"
                    >
                      <button
                        class="btn btn-sm btn-primary rounded-circle btn"
                        data-testid="ctcBtn"
                        type="button"
                      >
                        <div
                          class="d-flex flex-row align-items-center"
                        >
                          <svg
                            fill="none"
                            height="1em"
                            stroke="currentColor"
                            stroke-linecap="round"
                            stroke-linejoin="round"
                            stroke-width="2"
                            viewBox="0 0 24 24"
                            width="1em"
                            xmlns="http://www.w3.org/2000/svg"
                          >
                            <rect
                              height="13"
                              rx="2"
                              ry="2"
                              width="13"
                              x="9"
                              y="9"
                            />
                            <path
                              d="M5 15H4a2 2 0 0 1-2-2V4a2 2 0 0 1 2-2h9a2 2 0 0 1 2 2v1"
                            />
                          </svg>
                        </div>
                      </button>
                    </div>
                  </div>
                  <pre
                    style="display: block; overflow-x: auto; padding: 0.5em; color: rgb(0, 0, 0); background: rgb(248, 248, 255);"
                  >
                    <code
                      class="language-bash"
                    >
                      <span>
                        [![Artifact HUB](https://img.shields.io/endpoint?url=http://localhost/badge/repository/repoTest)](http://localhost/packages/search?repo=repoTest)
                      </span>
                    </code>
                  </pre>
                </div>
              </div>
            </div>
            <div>
              <div
                class="alertWrapper"
                data-testid="alertWrapper"
              />
            </div>
          </div>
          <div
            class="modal-footer p-3"
          >
            <button
              class="btn btn-sm btn-secondary text-uppercase"
              data-testid="closeModalFooterBtn"
              type="button"
            >
              <div
                class="d-flex flex-row align-items-center"
              >
                <svg
                  class="mr-2"
                  fill="currentColor"
                  height="1em"
                  stroke="currentColor"
                  stroke-width="0"
                  viewBox="0 0 24 24"
                  width="1em"
                  xmlns="http://www.w3.org/2000/svg"
                >
                  <path
                    d="M19 6.41L17.59 5 12 10.59 6.41 5 5 6.41 10.59 12 5 17.59 6.41 19 12 13.41 17.59 19 19 17.59 13.41 12z"
                  />
                </svg>
                <div>
                  Close
                </div>
              </div>
            </button>
          </div>
        </div>
      </div>
    </div>
  </div>
</DocumentFragment>
`;
