// Jest Snapshot v1, https://goo.gl/fbAQLP

exports[`SecurityModal creates snapshot 1`] = `
<DocumentFragment>
  <div>
    <button
      class="btn btn-secondary btn-sm"
    >
      <small
        class="d-flex flex-row align-items-center text-uppercase"
      >
        <span
          aria-hidden="true"
          class="spinner-grow spinner-grow-sm"
          role="status"
        />
        <span
          class="ml-2"
        >
          Getting report...
        </span>
      </small>
    </button>
  </div>
</DocumentFragment>
`;
