// Jest Snapshot v1, https://goo.gl/fbAQLP

exports[`SecurityTable creates snapshot 1`] = `
<DocumentFragment>
  <div
    class="my-1"
  >
    <div
      class="d-flex flex-row align-items-center font-weight-bold mb-2"
    >
      <svg
        fill="currentColor"
        height="1em"
        stroke="currentColor"
        stroke-width="0"
        viewBox="0 0 16 16"
        width="1em"
        xmlns="http://www.w3.org/2000/svg"
      >
        <path
          d="M1 4.27v7.47c0 .45.3.84.75.97l6.5 1.73c.16.05.34.05.5 0l6.5-1.73c.45-.13.75-.52.75-.97V4.27c0-.45-.3-.84-.75-.97l-6.5-1.74a1.4 1.4 0 0 0-.5 0L1.75 3.3c-.45.13-.75.52-.75.97zm7 9.09l-6-1.59V5l6 1.61v6.75zM2 4l2.5-.67L11 5.06l-2.5.67L2 4zm13 7.77l-6 1.59V6.61l2-.55V8.5l2-.53V5.53L15 5v6.77zm-2-7.24L6.5 2.8l2-.53L15 4l-2 .53z"
          fill-rule="evenodd"
        />
      </svg>
      <div
        class="pl-2 text-truncate"
      >
        <span
          class="text-uppercase text-muted mr-2 tableTitle"
        >
          Image:
        </span>
        imgName
      </div>
    </div>
    <div
      data-testid="securityReportInfo"
    >
      <div
        class="ml-4 mb-3"
      >
        <button
          class="btn btn-link text-reset pl-0 btn-block position-relative"
          data-testid="btnExpand"
        >
          <div
            class="d-flex flex-row align-items-center mb-2"
          >
            <svg
              fill="currentColor"
              height="1em"
              stroke="currentColor"
              stroke-width="0"
              viewBox="0 0 192 512"
              width="1em"
              xmlns="http://www.w3.org/2000/svg"
            >
              <path
                d="M0 384.662V127.338c0-17.818 21.543-26.741 34.142-14.142l128.662 128.662c7.81 7.81 7.81 20.474 0 28.284L34.142 398.804C21.543 411.404 0 402.48 0 384.662z"
              />
            </svg>
            <div
              class="tableTitle font-weight-bold mr-3 text-truncate"
              data-testid="targetTitle"
            >
              <span
                class="text-uppercase text-muted mr-2"
              >
                Target:
              </span>
              <span
                class="font-weight-bold"
              >
                centos 7.7.1908
              </span>
            </div>
            <div
              class="tableTitle d-flex flex-row align-items-center font-weight-bold text-nowrap"
            >
              <span
                class="text-uppercase text-muted"
              >
                Rating:
              </span>
              <div
                class="position-relative ml-2 securityRatingBadge"
              >
                <div
                  data-testid="elementWithTooltip"
                >
                  <small>
                    <div
                      class="badge badge-pill text-light font-weight-bold badge ml-2 securityRatingBadge"
                      style="background-color: rgb(150, 0, 3);"
                    >
                      F
                    </div>
                  </small>
                </div>
              </div>
            </div>
            <div
              class="badge badge-secondary ml-3 badge"
            >
              Show vulnerabilities
            </div>
          </div>
        </button>
      </div>
      <div
        class="ml-4 mb-3"
      >
        <button
          class="btn btn-link text-reset pl-0 btn-block position-relative"
          data-testid="btnExpand"
        >
          <div
            class="d-flex flex-row align-items-center mb-2"
          >
            <svg
              fill="currentColor"
              height="1em"
              stroke="currentColor"
              stroke-width="0"
              viewBox="0 0 192 512"
              width="1em"
              xmlns="http://www.w3.org/2000/svg"
            >
              <path
                d="M0 384.662V127.338c0-17.818 21.543-26.741 34.142-14.142l128.662 128.662c7.81 7.81 7.81 20.474 0 28.284L34.142 398.804C21.543 411.404 0 402.48 0 384.662z"
              />
            </svg>
            <div
              class="tableTitle font-weight-bold mr-3 text-truncate"
              data-testid="targetTitle"
            >
              <span
                class="text-uppercase text-muted mr-2"
              >
                Target:
              </span>
              <span
                class="font-weight-bold"
              >
                usr/share/ceph/mgr/dashboard/frontend/package-lock.json
              </span>
            </div>
            <div
              class="tableTitle d-flex flex-row align-items-center font-weight-bold text-nowrap"
            >
              <span
                class="text-uppercase text-muted"
              >
                Rating:
              </span>
              <div
                class="position-relative ml-2 securityRatingBadge"
              >
                <div
                  data-testid="elementWithTooltip"
                >
                  <small>
                    <div
                      class="badge badge-pill text-light font-weight-bold badge ml-2 securityRatingBadge"
                      style="background-color: rgb(247, 134, 15);"
                    >
                      C
                    </div>
                  </small>
                </div>
              </div>
            </div>
            <div
              class="badge badge-secondary ml-3 badge"
            >
              Show vulnerabilities
            </div>
          </div>
        </button>
      </div>
    </div>
  </div>
</DocumentFragment>
`;
