// Jest Snapshot v1, https://goo.gl/fbAQLP

exports[`AlertController creates snapshot 1`] = `[Function]`;
