// Jest Snapshot v1, https://goo.gl/fbAQLP

exports[`AutoresizeTextarea creates snapshot 1`] = `[Function]`;
