// Jest Snapshot v1, https://goo.gl/fbAQLP

exports[`Content default modal creates snapshot 1`] = `
<DocumentFragment>
  <div
    class="mb-2"
  >
    <div
      class="text-center"
    >
      <button
        aria-label="Open CRDs modal"
        class="btn btn-outline-secondary btn-sm text-nowrap w-100"
      >
        Btn
      </button>
    </div>
  </div>
</DocumentFragment>
`;
