// Jest Snapshot v1, https://goo.gl/fbAQLP

exports[`LabelWithTooltip creates snapshot 1`] = `[Function]`;
