// Jest Snapshot v1, https://goo.gl/fbAQLP

exports[`LoadingBar creates snapshot 1`] = `[Function]`;
