// Jest Snapshot v1, https://goo.gl/fbAQLP

exports[`PackageIcon renders correctly 1`] = `[Function]`;
