// Jest Snapshot v1, https://goo.gl/fbAQLP

exports[`SectionPanel creates snapshot 1`] = `[Function]`;
