// Jest Snapshot v1, https://goo.gl/fbAQLP

exports[`SecurityRating creates snapshot 1`] = `[Function]`;
