// Jest Snapshot v1, https://goo.gl/fbAQLP

exports[`StarBadge creates snapshot 1`] = `[Function]`;
