// Jest Snapshot v1, https://goo.gl/fbAQLP

exports[`Values creates snapshot 1`] = `
<DocumentFragment>
  <button
    aria-label="Open default values modal"
    class="btn btn-outline-secondary btn-sm w-100"
  >
    <div
      class="d-flex flex-row align-items-center justify-content-center text-uppercase"
    >
      <svg
        class="me-2"
        fill="currentColor"
        height="1em"
        stroke="currentColor"
        stroke-width="0"
        viewBox="0 0 16 16"
        width="1em"
        xmlns="http://www.w3.org/2000/svg"
      >
        <rect
          height="1"
          width="9"
          x="4"
          y="9"
        />
        <rect
          height="1"
          width="7"
          x="4"
          y="12"
        />
        <rect
          height="1"
          width="10"
          x="4"
          y="6"
        />
        <rect
          height="1"
          width="11"
          x="1"
          y="3"
        />
        <rect
          height="9"
          width="1"
          x="4"
          y="4"
        />
      </svg>
      <span
        class="fw-bold"
      >
        Default values
      </span>
    </div>
  </button>
  <div>
    <div
      class="modal-backdrop activeBackdrop"
      data-testid="modalBackdrop"
    />
    <div
      aria-modal="true"
      class="modal modal active d-block"
      role="dialog"
    >
      <div
        class="modal-dialog modal-lg modal-dialog-centered modal-dialog-scrollable modalDialog"
      >
        <div
          class="modal-content border border-3 mx-auto content h-100"
        >
          <div
            class="modal-header d-flex flex-row align-items-center header undefined"
          >
            <div
              class="d-flex flex-row align-items-center flex-grow-1"
            >
              <div
                class="h3 m-2 flex-grow-1 title"
              >
                Default values
              </div>
              <div
                class="mx-4"
              >
                <div
                  class="btn-group"
                  role="group"
                >
                  <div
                    class="position-relative undefined"
                  >
                    <div
                      data-testid="elementWithTooltip"
                    >
                      <button
                        aria-disabled="false"
                        aria-label="Open diff template view"
                        class="btn btn-outline-primary btn-sm dropdown-toggle"
                        type="button"
                      >
                        <span
                          class="pe-2"
                        >
                          Compare to version ...
                        </span>
                      </button>
                    </div>
                  </div>
                  <div
                    class="dropdown-menu dropdown-menu-end text-nowrap overflow-hidden versionsDropdown"
                    role="complementary"
                  >
                    <div
                      class="overflow-scroll h-100"
                    >
                      <button
                        class="dropdown-item btnItem"
                      >
                        <div
                          class="d-flex flex-row align-items-center"
                        >
                          <div
                            class="itemIcon"
                          />
                          <div
                            class="ms-2 text-truncate"
                          >
                            1.1.1
                          </div>
                        </div>
                      </button>
                      <button
                        class="dropdown-item btnItem"
                      >
                        <div
                          class="d-flex flex-row align-items-center"
                        >
                          <div
                            class="itemIcon"
                          />
                          <div
                            class="ms-2 text-truncate"
                          >
                            1.1.0
                          </div>
                        </div>
                      </button>
                      <button
                        class="dropdown-item btnItem"
                      >
                        <div
                          class="d-flex flex-row align-items-center"
                        >
                          <div
                            class="itemIcon"
                          />
                          <div
                            class="ms-2 text-truncate"
                          >
                            1.0.1
                          </div>
                        </div>
                      </button>
                      <button
                        class="dropdown-item btnItem"
                      >
                        <div
                          class="d-flex flex-row align-items-center"
                        >
                          <div
                            class="itemIcon"
                          />
                          <div
                            class="ms-2 text-truncate"
                          >
                            1.0.0
                          </div>
                        </div>
                      </button>
                    </div>
                  </div>
                </div>
              </div>
            </div>
            <button
              aria-label="Close"
              class="btn-close"
              type="button"
            />
          </div>
          <div
            class="modal-body p-4 h-100 d-flex flex-column"
          >
            <div
              class="mw-100 h-100 d-flex flex-column overflow-hidden"
            >
              <div
                class="d-flex flex-row"
              >
                <div
                  class="position-relative wrapper w-50"
                >
                  <div
                    class="mb-3 input-group-sm inputWrapper undefined"
                  >
                    <input
                      class="flex-grow-1 form-control input ps-3 pe-4"
                      name="inputTypeahead_path"
                      placeholder="Search path"
                      spellcheck="false"
                      type="text"
                      value=""
                    />
                    <svg
                      class="text-muted position-absolute searchIcon"
                      fill="currentColor"
                      height="1em"
                      stroke="currentColor"
                      stroke-width="0"
                      viewBox="0 0 512 512"
                      width="1em"
                      xmlns="http://www.w3.org/2000/svg"
                    >
                      <path
                        d="M505 442.7L405.3 343c-4.5-4.5-10.6-7-17-7H372c27.6-35.3 44-79.7 44-128C416 93.1 322.9 0 208 0S0 93.1 0 208s93.1 208 208 208c48.3 0 92.7-16.4 128-44v16.3c0 6.4 2.5 12.5 7 17l99.7 99.7c9.4 9.4 24.6 9.4 33.9 0l28.3-28.3c9.4-9.4 9.4-24.6.1-34zM208 336c-70.7 0-128-57.2-128-128 0-70.7 57.2-128 128-128 70.7 0 128 57.2 128 128 0 70.7-57.2 128-128 128z"
                      />
                    </svg>
                  </div>
                </div>
              </div>
              <div
                class="position-relative flex-grow-1 content"
              >
                <div
                  class="position-absolute d-flex flex-row wrapper undefined"
                >
                  <div
                    class="position-relative me-2"
                  >
                    <button
                      aria-label="Copy to clipboard"
                      class="btn btn-sm btn-primary btn"
                      type="button"
                    >
                      <div
                        aria-hidden="true"
                        class="d-flex flex-row align-items-center"
                      >
                        <svg
                          fill="none"
                          height="1em"
                          stroke="currentColor"
                          stroke-linecap="round"
                          stroke-linejoin="round"
                          stroke-width="2"
                          viewBox="0 0 24 24"
                          width="1em"
                          xmlns="http://www.w3.org/2000/svg"
                        >
                          <rect
                            height="13"
                            rx="2"
                            ry="2"
                            width="13"
                            x="9"
                            y="9"
                          />
                          <path
                            d="M5 15H4a2 2 0 0 1-2-2V4a2 2 0 0 1 2-2h9a2 2 0 0 1 2 2v1"
                          />
                        </svg>
                      </div>
                    </button>
                  </div>
                  <button
                    aria-label="Download"
                    class="btn btn-sm btn-primary fs-5 btn"
                  >
                    <svg
                      aria-hidden="true"
                      fill="currentColor"
                      height="1em"
                      stroke="currentColor"
                      stroke-width="0"
                      viewBox="0 0 24 24"
                      width="1em"
                      xmlns="http://www.w3.org/2000/svg"
                    >
                      <path
                        d="M18.948 11.112C18.511 7.67 15.563 5 12.004 5c-2.756 0-5.15 1.611-6.243 4.15-2.148.642-3.757 2.67-3.757 4.85 0 2.757 2.243 5 5 5h1v-2h-1c-1.654 0-3-1.346-3-3 0-1.404 1.199-2.757 2.673-3.016l.581-.102.192-.558C8.153 8.273 9.898 7 12.004 7c2.757 0 5 2.243 5 5v1h1c1.103 0 2 .897 2 2s-.897 2-2 2h-2v2h2c2.206 0 4-1.794 4-4a4.008 4.008 0 0 0-3.056-3.888z"
                      />
                      <path
                        d="M13.004 14v-4h-2v4h-3l4 5 4-5z"
                      />
                    </svg>
                  </button>
                </div>
                <div
                  class="overflow-auto h-100 position-relative border border-1 codeWrapper"
                >
                  <div
                    id="line_59"
                  >
                    port:
                  </div>
                </div>
              </div>
            </div>
            <div>
              <div
                class="overflow-hidden alertWrapper"
                data-testid="alertWrapper"
              />
            </div>
          </div>
          <div
            class="modal-footer p-3 modalFooter"
          >
            <button
              aria-label="Close modal"
              class="btn btn-sm btn-outline-secondary text-uppercase"
              type="button"
            >
              <div
                class="d-flex flex-row align-items-center"
              >
                <svg
                  class="me-2"
                  fill="currentColor"
                  height="1em"
                  stroke="currentColor"
                  stroke-width="0"
                  viewBox="0 0 24 24"
                  width="1em"
                  xmlns="http://www.w3.org/2000/svg"
                >
                  <path
                    d="M0 0h24v24H0z"
                    fill="none"
                  />
                  <path
                    d="M19 6.41L17.59 5 12 10.59 6.41 5 5 6.41 10.59 12 5 17.59 6.41 19 12 13.41 17.59 19 19 17.59 13.41 12z"
                  />
                </svg>
                <div>
                  Close
                </div>
              </div>
            </button>
          </div>
        </div>
      </div>
    </div>
  </div>
</DocumentFragment>
`;
