
------------------------------------------------------------------------------------------------------------------------
âœ— name: ? version: ? (testdata/lint/test11/pkgs/plugins/manifest.yaml)
------------------------------------------------------------------------------------------------------------------------

Package lint FAILED. 1 error(s) occurred:

  * error validating plugin manifest: 2 errors occurred:
	* version not provided
	* description not provided

------------------------------------------------------------------------------------------------------------------------

1 package(s) found, 1 package(s) with errors

