// Jest Snapshot v1, https://goo.gl/fbAQLP

exports[`LogIn creates snapshot 1`] = `
<DocumentFragment>
  <div>
    <div
      class="modal-backdrop activeBackdrop"
      data-testid="modalBackdrop"
    />
    <div
      class="modal modal active d-block"
      role="dialog"
    >
      <div
        class="modal-dialog modal-lg modal-dialog-centered modal-dialog-scrollable"
      >
        <div
          class="modal-content content modal"
        >
          <div
            class="modal-header d-flex flex-row align-items-center header undefined"
          >
            <div
              class="h3 m-2 flex-grow-1 title"
            >
              Sign in
            </div>
            <button
              class="close"
              data-testid="closeModalBtn"
              type="button"
            >
              <span
                aria-hidden="true"
              >
                Ã—
              </span>
            </button>
          </div>
          <div
            class="modal-body p-4 h-100 d-flex flex-column"
          >
            <div
              class="my-auto"
            >
              <form
                autocomplete="on"
                class="w-100 needs-validation"
                data-testid="loginForm"
                novalidate=""
              >
                <div
                  class="form-group mb-4 position-relative undefined"
                >
                  <label
                    class="font-weight-bold label"
                    for="email"
                  >
                    <span
                      class="font-weight-bold"
                    >
                      Email
                    </span>
                  </label>
                  <input
                    autocomplete="email"
                    class="form-control"
                    data-testid="emailInput"
                    name="email"
                    required=""
                    spellcheck="false"
                    type="email"
                    value=""
                  />
                  <div
                    class="invalid-feedback mt-0 inputFeedback"
                  >
                    This field is required
                  </div>
                </div>
                <div
                  class="form-group mb-4 position-relative undefined"
                >
                  <label
                    class="font-weight-bold label"
                    for="password"
                  >
                    <span
                      class="font-weight-bold"
                    >
                      Password
                    </span>
                  </label>
                  <input
                    autocomplete="current-password"
                    class="form-control"
                    data-testid="passwordInput"
                    name="password"
                    required=""
                    spellcheck="false"
                    type="password"
                    value=""
                  />
                  <div
                    class="invalid-feedback mt-0 inputFeedback"
                  >
                    This field is required
                  </div>
                </div>
                <div
                  class="d-flex flex-row align-items-row justify-content-between"
                >
                  <button
                    class="btn btn-sm btn-link pl-0 text-no-decoration"
                    data-testid="resetPasswordTabBtn"
                    type="button"
                  >
                    Forgot password?
                  </button>
                  <button
                    class="btn btn-secondary"
                    data-testid="logInBtn"
                    type="button"
                  >
                    Sign in
                  </button>
                </div>
              </form>
            </div>
            <div>
              <div
                class="alertWrapper"
                data-testid="alertWrapper"
              />
            </div>
          </div>
          <div
            class="modal-footer p-3"
          >
            <button
              class="btn btn-sm btn-secondary text-uppercase"
              data-testid="closeModalFooterBtn"
              type="button"
            >
              <div
                class="d-flex flex-row align-items-center"
              >
                <svg
                  class="mr-2"
                  fill="currentColor"
                  height="1em"
                  stroke="currentColor"
                  stroke-width="0"
                  viewBox="0 0 24 24"
                  width="1em"
                  xmlns="http://www.w3.org/2000/svg"
                >
                  <path
                    d="M19 6.41L17.59 5 12 10.59 6.41 5 5 6.41 10.59 12 5 17.59 6.41 19 12 13.41 17.59 19 19 17.59 13.41 12z"
                  />
                </svg>
                <div>
                  Close
                </div>
              </div>
            </button>
          </div>
        </div>
      </div>
    </div>
  </div>
</DocumentFragment>
`;
