// Jest Snapshot v1, https://goo.gl/fbAQLP

exports[`PackageCard renders correctly 1`] = `[Function]`;
