// Jest Snapshot v1, https://goo.gl/fbAQLP

exports[`Members section index creates snapshot 1`] = `
<DocumentFragment>
  <main
    class="px-xs-0 px-sm-3 px-lg-0 d-flex flex-column flex-md-row justify-content-between my-md-4"
    role="main"
  >
    <div
      class="flex-grow-1 w-100 mb-4"
    >
      <div>
        <div
          class="d-flex flex-row align-items-center justify-content-between pb-2 border-bottom"
        >
          <div
            class="h3 pb-0 title"
          >
            Members
          </div>
          <div>
            <span
              class="position-relative"
            >
              <button
                class="btn btn-secondary btn-sm text-uppercase btnAction"
                data-testid="addMemberBtn"
                type="button"
              >
                <div
                  class="d-flex flex-row align-items-center justify-content-center"
                >
                  <svg
                    class="d-inline d-md-none"
                    fill="currentColor"
                    height="1em"
                    stroke="currentColor"
                    stroke-width="0"
                    viewBox="0 0 24 24"
                    width="1em"
                    xmlns="http://www.w3.org/2000/svg"
                  >
                    <path
                      d="M19 13h-6v6h-2v-6H5v-2h6V5h2v6h6v2z"
                    />
                  </svg>
                  <svg
                    class="d-none d-md-inline mr-2"
                    fill="currentColor"
                    height="1em"
                    stroke="currentColor"
                    stroke-width="0"
                    viewBox="0 0 24 24"
                    width="1em"
                    xmlns="http://www.w3.org/2000/svg"
                  >
                    <path
                      d="M12 2C6.48 2 2 6.48 2 12s4.48 10 10 10 10-4.48 10-10S17.52 2 12 2zm5 11h-4v4h-2v-4H7v-2h4V7h2v4h4v2z"
                    />
                  </svg>
                  <span
                    class="d-none d-md-inline"
                  >
                    Invite
                  </span>
                </div>
              </button>
            </span>
          </div>
        </div>
      </div>
      <div
        class="position-absolute p-5 wrapper undefined"
      >
        <div
          class="d-flex flex-row align-items-center justify-content-center w-100 h-100"
        >
          <div
            class="spinner-border text-primary spinner undefined"
            role="status"
          >
            <span
              class="sr-only"
            >
              Loading...
            </span>
          </div>
        </div>
      </div>
      <div
        class="mt-5"
      />
    </div>
  </main>
</DocumentFragment>
`;
