// Jest Snapshot v1, https://goo.gl/fbAQLP

exports[`StarredPackagesView creates snapshot 1`] = `
<DocumentFragment>
  <div
    class="d-flex flex-column flex-grow-1 position-relative"
  >
    <div
      class="position-absolute p-5 wrapper undefined"
    >
      <div
        class="d-flex flex-row align-items-center justify-content-center w-100 h-100"
      >
        <div
          class="spinner-border text-primary spinner undefined"
          role="status"
        >
          <span
            class="sr-only"
          >
            Loading...
          </span>
        </div>
      </div>
    </div>
    <main
      class="container-lg px-sm-4 px-lg-0 py-5"
      role="main"
    >
      <div
        class="flex-grow-1 position-relative"
      >
        <div
          class="h3 pb-0"
        >
          <div
            class="d-flex align-items-center justify-content-center"
          >
            <div>
              Your starred packages
            </div>
          </div>
        </div>
        <div
          class="row mx-auto mt-4 wrapper"
        />
      </div>
    </main>
  </div>
</DocumentFragment>
`;
